MO main NULL main.v vlg2D/main.bin 1715952489
MO Z_Register NULL Z_Register.v vlg0A/_z___register.bin 1715952489
MO Y_Register NULL Y_Register.v vlg25/_y___register.bin 1715952489
MO Majority NULL Majority.v vlg0B/_majority.bin 1715952489
MO X_Register NULL X_Register.v vlg40/_x___register.bin 1715952489
